09:40:02 **** Auto Build of configuration Debug for project lab5SoC ****
make pre-build main-build 
a9-linaro-pre-build-step
' '
'Building file: ../src/lab5SoC.c'
'Invoking: ARM v7 gcc compiler'
arm-none-eabi-gcc -Wall -O0 -g3 -c -fmessage-length=0 -MT"src/lab5SoC.o" -mcpu=cortex-a9 -mfpu=vfpv3 -mfloat-abi=hard -I../../lab5SoC_bsp/ps7_cortexa9_0/include -MMD -MP -MF"src/lab5SoC.d" -MT"src/lab5SoC.o" -o "src/lab5SoC.o" "../src/lab5SoC.c"
'Finished building: ../src/lab5SoC.c'
' '
'Building target: lab5SoC.elf'
'Invoking: ARM v7 gcc linker'
arm-none-eabi-gcc -mcpu=cortex-a9 -mfpu=vfpv3 -mfloat-abi=hard -Wl,-build-id=none -specs=Xilinx.spec -Wl,-T -Wl,../src/lscript.ld -L../../lab5SoC_bsp/ps7_cortexa9_0/lib -o "lab5SoC.elf"  ./src/lab5SoC.o   -Wl,--start-group,-lxil,-lgcc,-lc,--end-group
'Finished building target: lab5SoC.elf'
' '
'Invoking: ARM v7 Print Size'
arm-none-eabi-size lab5SoC.elf  |tee "lab5SoC.elf.size"
   text	   data	    bss	    dec	    hex	filename
  24624	   1192	  22600	  48416	   bd20	lab5SoC.elf
'Finished building: lab5SoC.elf.size'
' '

09:40:05 Build Finished (took 2s.783ms)

